{"type":"server-started","port":63924,"host":"127.0.0.1","url_host":"localhost","url":"http://localhost:63924","screen_dir":"/Applications/codes/website/.superpowers/brainstorm/50508-1776235715/content","state_dir":"/Applications/codes/website/.superpowers/brainstorm/50508-1776235715/state"}
{"type":"screen-added","file":"/Applications/codes/website/.superpowers/brainstorm/50508-1776235715/content/hero-layout.html"}
{"source":"user-event","type":"click","text":"root@chihen-tai:~$ whoami\n          ALLEN CHIHEN-TAI\n          root@chihen-tai:~$ cat interests.txt\n          quantum · chemistry · code\n          root@chihen-tai:~$ echo $TITLE\n          ELDEN LORD \n        \n      \n    \n    \n      C — 駭客終端機風\n      全綠色終端機，像真的在打指令。有 Typing 動畫效果。\n      \n        Typed.js\n        CRT 效果\n        終端機感","choice":"c","id":null,"timestamp":1776235880085}
{"source":"user-event","type":"click","text":"root@chihen-tai:~$ whoami\n          ALLEN CHIHEN-TAI\n          root@chihen-tai:~$ cat interests.txt\n          quantum · chemistry · code\n          root@chihen-tai:~$ echo $TITLE\n          ELDEN LORD \n        \n      \n    \n    \n      C — 駭客終端機風\n      全綠色終端機，像真的在打指令。有 Typing 動畫效果。\n      \n        Typed.js\n        CRT 效果\n        終端機感","choice":"c","id":null,"timestamp":1776235880266}
{"source":"user-event","type":"click","text":"ALLEN\n          // SYSTEM INITIALIZED\n        \n        CHIHEN-TAI · ELDEN LORD\n      \n    \n    \n      A — 賽博龐克 EVA 風\n      掃描線、Glitch 文字、霓虹角落框架。像電腦開機的質感。\n      \n        Three.js 粒子\n        Glitch 特效\n        掃描線","choice":"a","id":null,"timestamp":1776235881400}
{"source":"user-event","type":"click","text":"ALLEN\n          ✦ quantum · chem · code ✦\n        \n      \n    \n    \n      B — 宇宙魔法銀河風\n      星空背景、紫色漸層光暈、魔法陣圈圈。比較夢幻飄渺。\n      \n        星空粒子\n        漸層發光\n        魔法陣","choice":"b","id":null,"timestamp":1776235882700}
{"source":"user-event","type":"click","text":"ALLEN\n          ✦ quantum · chem · code ✦\n        \n      \n    \n    \n      B — 宇宙魔法銀河風\n      星空背景、紫色漸層光暈、魔法陣圈圈。比較夢幻飄渺。\n      \n        星空粒子\n        漸層發光\n        魔法陣","choice":"b","id":null,"timestamp":1776235883100}
{"source":"user-event","type":"click","text":"ALLEN\n          ✦ quantum · chem · code ✦\n        \n      \n    \n    \n      B — 宇宙魔法銀河風\n      星空背景、紫色漸層光暈、魔法陣圈圈。比較夢幻飄渺。\n      \n        星空粒子\n        漸層發光\n        魔法陣","choice":"b","id":null,"timestamp":1776235883466}
{"source":"user-event","type":"click","text":"ALLEN\n          ✦ quantum · chem · code ✦\n        \n      \n    \n    \n      B — 宇宙魔法銀河風\n      星空背景、紫色漸層光暈、魔法陣圈圈。比較夢幻飄渺。\n      \n        星空粒子\n        漸層發光\n        魔法陣","choice":"b","id":null,"timestamp":1776235883632}
{"source":"user-event","type":"click","text":"ALLEN\n          ✦ quantum · chem · code ✦\n        \n      \n    \n    \n      B — 宇宙魔法銀河風\n      星空背景、紫色漸層光暈、魔法陣圈圈。比較夢幻飄渺。\n      \n        星空粒子\n        漸層發光\n        魔法陣","choice":"b","id":null,"timestamp":1776235884099}
{"source":"user-event","type":"click","text":"ALLEN\n            Chihen-Tai\n            Elden Lord · Quantum Mage\n          \n          ⚗️Chemistry\n          ⚡Polymarket Bot\n        \n      \n    \n    \n      D — Bento Grid 格子風\n      像 Apple 發表會那種分格卡片佈局。現代感強、清楚展示資訊。\n      \n        Bento Grid\n        卡片動畫\n        現代感","choice":"d","id":null,"timestamp":1776235884633}
{"source":"user-event","type":"click","text":"root@chihen-tai:~$ whoami\n          ALLEN CHIHEN-TAI\n          root@chihen-tai:~$ cat interests.txt\n          quantum · chemistry · code\n          root@chihen-tai:~$ echo $TITLE\n          ELDEN LORD \n        \n      \n    \n    \n      C — 駭客終端機風\n      全綠色終端機，像真的在打指令。有 Typing 動畫效果。\n      \n        Typed.js\n        CRT 效果\n        終端機感","choice":"c","id":null,"timestamp":1776235885450}
{"source":"user-event","type":"click","text":"root@chihen-tai:~$ whoami\n          ALLEN CHIHEN-TAI\n          root@chihen-tai:~$ cat interests.txt\n          quantum · chemistry · code\n          root@chihen-tai:~$ echo $TITLE\n          ELDEN LORD \n        \n      \n    \n    \n      C — 駭客終端機風\n      全綠色終端機，像真的在打指令。有 Typing 動畫效果。\n      \n        Typed.js\n        CRT 效果\n        終端機感","choice":"c","id":null,"timestamp":1776235885633}
{"source":"user-event","type":"click","text":"ALLEN\n          // SYSTEM INITIALIZED\n        \n        CHIHEN-TAI · ELDEN LORD\n      \n    \n    \n      A — 賽博龐克 EVA 風\n      掃描線、Glitch 文字、霓虹角落框架。像電腦開機的質感。\n      \n        Three.js 粒子\n        Glitch 特效\n        掃描線","choice":"a","id":null,"timestamp":1776235886383}
{"source":"user-event","type":"click","text":"ALLEN\n          ✦ quantum · chem · code ✦\n        \n      \n    \n    \n      B — 宇宙魔法銀河風\n      星空背景、紫色漸層光暈、魔法陣圈圈。比較夢幻飄渺。\n      \n        星空粒子\n        漸層發光\n        魔法陣","choice":"b","id":null,"timestamp":1776235889633}
{"source":"user-event","type":"click","text":"ALLEN\n          // SYSTEM INITIALIZED\n        \n        CHIHEN-TAI · ELDEN LORD\n      \n    \n    \n      A — 賽博龐克 EVA 風\n      掃描線、Glitch 文字、霓虹角落框架。像電腦開機的質感。\n      \n        Three.js 粒子\n        Glitch 特效\n        掃描線","choice":"a","id":null,"timestamp":1776235894766}
{"source":"user-event","type":"click","text":"ALLEN\n          // SYSTEM INITIALIZED\n        \n        CHIHEN-TAI · ELDEN LORD\n      \n    \n    \n      A — 賽博龐克 EVA 風\n      掃描線、Glitch 文字、霓虹角落框架。像電腦開機的質感。\n      \n        Three.js 粒子\n        Glitch 特效\n        掃描線","choice":"a","id":null,"timestamp":1776235894933}
{"source":"user-event","type":"click","text":"ALLEN\n          // SYSTEM INITIALIZED\n        \n        CHIHEN-TAI · ELDEN LORD\n      \n    \n    \n      A — 賽博龐克 EVA 風\n      掃描線、Glitch 文字、霓虹角落框架。像電腦開機的質感。\n      \n        Three.js 粒子\n        Glitch 特效\n        掃描線","choice":"a","id":null,"timestamp":1776235895133}
{"source":"user-event","type":"click","text":"ALLEN\n          // SYSTEM INITIALIZED\n        \n        CHIHEN-TAI · ELDEN LORD\n      \n    \n    \n      A — 賽博龐克 EVA 風\n      掃描線、Glitch 文字、霓虹角落框架。像電腦開機的質感。\n      \n        Three.js 粒子\n        Glitch 特效\n        掃描線","choice":"a","id":null,"timestamp":1776235895766}
{"source":"user-event","type":"click","text":"ALLEN\n          // SYSTEM INITIALIZED\n        \n        CHIHEN-TAI · ELDEN LORD\n      \n    \n    \n      A — 賽博龐克 EVA 風\n      掃描線、Glitch 文字、霓虹角落框架。像電腦開機的質感。\n      \n        Three.js 粒子\n        Glitch 特效\n        掃描線","choice":"a","id":null,"timestamp":1776235907451}
{"source":"user-event","type":"click","text":"ALLEN\n          // SYSTEM INITIALIZED\n        \n        CHIHEN-TAI · ELDEN LORD\n      \n    \n    \n      A — 賽博龐克 EVA 風\n      掃描線、Glitch 文字、霓虹角落框架。像電腦開機的質感。\n      \n        Three.js 粒子\n        Glitch 特效\n        掃描線","choice":"a","id":null,"timestamp":1776235907633}
{"source":"user-event","type":"click","text":"root@chihen-tai:~$ whoami\n          ALLEN CHIHEN-TAI\n          root@chihen-tai:~$ cat interests.txt\n          quantum · chemistry · code\n          root@chihen-tai:~$ echo $TITLE\n          ELDEN LORD \n        \n      \n    \n    \n      C — 駭客終端機風\n      全綠色終端機，像真的在打指令。有 Typing 動畫效果。\n      \n        Typed.js\n        CRT 效果\n        終端機感","choice":"c","id":null,"timestamp":1776235908934}
{"source":"user-event","type":"click","text":"ALLEN\n            Chihen-Tai\n            Elden Lord · Quantum Mage\n          \n          ⚗️Chemistry\n          ⚡Polymarket Bot\n        \n      \n    \n    \n      D — Bento Grid 格子風\n      像 Apple 發表會那種分格卡片佈局。現代感強、清楚展示資訊。\n      \n        Bento Grid\n        卡片動畫\n        現代感","choice":"d","id":null,"timestamp":1776235910300}
{"source":"user-event","type":"click","text":"ALLEN\n          // SYSTEM INITIALIZED\n        \n        CHIHEN-TAI · ELDEN LORD\n      \n    \n    \n      A — 賽博龐克 EVA 風\n      掃描線、Glitch 文字、霓虹角落框架。像電腦開機的質感。\n      \n        Three.js 粒子\n        Glitch 特效\n        掃描線","choice":"a","id":null,"timestamp":1776235910767}
{"source":"user-event","type":"click","text":"ALLEN\n          ✦ quantum · chem · code ✦\n        \n      \n    \n    \n      B — 宇宙魔法銀河風\n      星空背景、紫色漸層光暈、魔法陣圈圈。比較夢幻飄渺。\n      \n        星空粒子\n        漸層發光\n        魔法陣","choice":"b","id":null,"timestamp":1776235915934}
{"type":"screen-added","file":"/Applications/codes/website/.superpowers/brainstorm/50508-1776235715/content/page-layout.html"}
{"source":"user-event","type":"click","text":"✦ 這個結構看起來 OK？點這裡確認，或告訴我要調整什麼","choice":"ok","id":null,"timestamp":1776236072635}
{"source":"user-event","type":"click","text":"✦ 這個結構看起來 OK？點這裡確認，或告訴我要調整什麼","choice":"ok","id":null,"timestamp":1776236073568}
{"source":"user-event","type":"click","text":"✦ 這個結構看起來 OK？點這裡確認，或告訴我要調整什麼","choice":"ok","id":null,"timestamp":1776236073768}
{"source":"user-event","type":"click","text":"✦ 這個結構看起來 OK？點這裡確認，或告訴我要調整什麼","choice":"ok","id":null,"timestamp":1776236075185}
{"source":"user-event","type":"click","text":"✦ 這個結構看起來 OK？點這裡確認，或告訴我要調整什麼","choice":"ok","id":null,"timestamp":1776236076018}
{"source":"user-event","type":"click","text":"✦ 這個結構看起來 OK？點這裡確認，或告訴我要調整什麼","choice":"ok","id":null,"timestamp":1776236076202}
{"source":"user-event","type":"click","text":"✦ 這個結構看起來 OK？點這裡確認，或告訴我要調整什麼","choice":"ok","id":null,"timestamp":1776236076818}
{"type":"screen-added","file":"/Applications/codes/website/.superpowers/brainstorm/50508-1776235715/content/page-layout-v2.html"}
{"source":"user-event","type":"click","text":"✦ 這個亮度 OK？點這裡確認，或告訴我繼續調整","choice":"ok","id":null,"timestamp":1776236357422}
{"source":"user-event","type":"click","text":"✦ 這個亮度 OK？點這裡確認，或告訴我繼續調整","choice":"ok","id":null,"timestamp":1776236358338}
{"type":"screen-added","file":"/Applications/codes/website/.superpowers/brainstorm/50508-1776235715/content/page-layout-v3.html"}
{"type":"server-stopped","reason":"idle timeout"}
